Starting project at /app/adhd-habit-companion
Starting Metro Bundler
Waiting on http://localhost:8081
Logs for your project will appear below.
Web ./index.ts ░░░░░░░░░░░░░░░░  0.0% (0/1)
Web ./index.ts ▓▓▓▓▓▓▓▓▓░░░░░░░ 58.5% (155/271)
Web ./index.ts ▓▓▓▓▓▓▓▓▓░░░░░░░ 58.5% ( 247/2052)
Web ./index.ts ▓▓▓▓▓▓▓▓▓░░░░░░░ 58.5% (1194/2135)
Web ./index.ts ▓▓▓▓▓▓▓▓▓▓▓▓▓░░░ 86.7% (2077/2323)
Web ./index.ts ▓▓▓▓▓▓▓▓▓▓▓▓▓▓░░ 88.6% (2385/2534)
Web Bundled 21282ms index.ts (2739 modules)
Web ./index.ts ▓▓▓▓▓▓▓▓▓▓▓▓▓▓▓░ 99.9% (2739/2739)
 LOG  [web] Logs will appear in the browser console
Web ./index.ts ░░░░░░░░░░░░░░░░  0.0% (0/1)
Web Bundled 113ms index.ts (1 module)
 LOG  [web] Logs will appear in the browser console
Web ./index.ts ░░░░░░░░░░░░░░░░  0.0% (0/1)
Web Bundled 107ms index.ts (1 module)
 LOG  [web] Logs will appear in the browser console
Web ./index.ts ░░░░░░░░░░░░░░░░  0.0% (0/1)
Web Bundled 105ms index.ts (1 module)
 LOG  [web] Logs will appear in the browser console
Web ./index.ts ░░░░░░░░░░░░░░░░  0.0% (0/1)
Web Bundled 100ms index.ts (1 module)
 LOG  [web] Logs will appear in the browser console
Web ./index.ts ░░░░░░░░░░░░░░░░  0.0% (0/1)
Web Bundled 99ms index.ts (1 module)
 LOG  [web] Logs will appear in the browser console
Web Bundled 90ms index.ts (1 module)
 LOG  [web] Logs will appear in the browser console
Web ./index.ts ░░░░░░░░░░░░░░░░  0.0% (0/1)
Web Bundled 103ms index.ts (1 module)
 LOG  [web] Logs will appear in the browser console
Web Bundled 115ms index.ts (1 module)
 LOG  [web] Logs will appear in the browser console
Web ./index.ts ░░░░░░░░░░░░░░░░  0.0% (0/1)
Web Bundled 236ms index.ts (1 module)
 LOG  [web] Logs will appear in the browser console
Web Bundled 99ms index.ts (1 module)
 LOG  [web] Logs will appear in the browser console
Web ./index.ts ░░░░░░░░░░░░░░░░  0.0% (0/1)
Web Bundled 645ms index.ts (1 module)
 LOG  [web] Logs will appear in the browser console
Web Bundled 310ms index.ts (1 module)
 LOG  [web] Logs will appear in the browser console
